MPLINK 5.09, LINKER
Linker Map File - Created Fri Sep 06 11:54:25 2024

                                 Section Info
                  Section       Type    Address   Location Size(Bytes)
                ---------  ---------  ---------  ---------  ---------
                   .org_0       code   0x000000    program   0x000056
                   .cinit    romdata   0x00002b    program   0x000004
.config_2007_BUILD/DEFAULT/PRODUCTION/MAINSEC       code   0x002007    program   0x000002
.config_2008_BUILD/DEFAULT/PRODUCTION/MAINSEC       code   0x002008    program   0x000002



                              Program Memory Usage 
                               Start         End      
                           ---------   ---------      
                            0x000000    0x00002c      
                            0x002007    0x002008      
            47 out of 8455 program addresses used, program memory utilization is 0%



                              Symbols - Sorted by Name
                     Name    Address   Location    Storage File                     
                ---------  ---------  ---------  --------- ---------                
                    DELAY   0x00001b    program     static C:\Users\USUARIO\OneDrive\Documentos\MPLAB\Primer_parcial\secuencia_8.X\mainsec.asm
                   INICIO   0x000001    program     static C:\Users\USUARIO\OneDrive\Documentos\MPLAB\Primer_parcial\secuencia_8.X\mainsec.asm
                    LOOP1   0x00000f    program     static C:\Users\USUARIO\OneDrive\Documentos\MPLAB\Primer_parcial\secuencia_8.X\mainsec.asm
                    REP_1   0x000024    program     static C:\Users\USUARIO\OneDrive\Documentos\MPLAB\Primer_parcial\secuencia_8.X\mainsec.asm
                    REP_2   0x000026    program     static C:\Users\USUARIO\OneDrive\Documentos\MPLAB\Primer_parcial\secuencia_8.X\mainsec.asm
                  RETARDO   0x000022    program     static C:\Users\USUARIO\OneDrive\Documentos\MPLAB\Primer_parcial\secuencia_8.X\mainsec.asm
               SECUENCIA8   0x000009    program     static C:\Users\USUARIO\OneDrive\Documentos\MPLAB\Primer_parcial\secuencia_8.X\mainsec.asm



                              Symbols - Sorted by Address
                     Name    Address   Location    Storage File                     
                ---------  ---------  ---------  --------- ---------                
                   INICIO   0x000001    program     static C:\Users\USUARIO\OneDrive\Documentos\MPLAB\Primer_parcial\secuencia_8.X\mainsec.asm
               SECUENCIA8   0x000009    program     static C:\Users\USUARIO\OneDrive\Documentos\MPLAB\Primer_parcial\secuencia_8.X\mainsec.asm
                    LOOP1   0x00000f    program     static C:\Users\USUARIO\OneDrive\Documentos\MPLAB\Primer_parcial\secuencia_8.X\mainsec.asm
                    DELAY   0x00001b    program     static C:\Users\USUARIO\OneDrive\Documentos\MPLAB\Primer_parcial\secuencia_8.X\mainsec.asm
                  RETARDO   0x000022    program     static C:\Users\USUARIO\OneDrive\Documentos\MPLAB\Primer_parcial\secuencia_8.X\mainsec.asm
                    REP_1   0x000024    program     static C:\Users\USUARIO\OneDrive\Documentos\MPLAB\Primer_parcial\secuencia_8.X\mainsec.asm
                    REP_2   0x000026    program     static C:\Users\USUARIO\OneDrive\Documentos\MPLAB\Primer_parcial\secuencia_8.X\mainsec.asm


