MPLINK 5.09, LINKER
Linker Map File - Created Fri Sep 06 11:51:18 2024

                                 Section Info
                  Section       Type    Address   Location Size(Bytes)
                ---------  ---------  ---------  ---------  ---------
                   .org_0       code   0x000000    program   0x00007a
                   .cinit    romdata   0x00003d    program   0x000004
.config_2007_BUILD/DEFAULT/PRODUCTION/MAINSEC       code   0x002007    program   0x000002
.config_2008_BUILD/DEFAULT/PRODUCTION/MAINSEC       code   0x002008    program   0x000002



                              Program Memory Usage 
                               Start         End      
                           ---------   ---------      
                            0x000000    0x00003e      
                            0x002007    0x002008      
            65 out of 8455 program addresses used, program memory utilization is 0%



                              Symbols - Sorted by Name
                     Name    Address   Location    Storage File                     
                ---------  ---------  ---------  --------- ---------                
                    DELAY   0x00002d    program     static C:\Users\USUARIO\OneDrive\Documentos\MPLAB\Primer_parcial\secuencia_7.X\mainsec.asm
                   INICIO   0x000001    program     static C:\Users\USUARIO\OneDrive\Documentos\MPLAB\Primer_parcial\secuencia_7.X\mainsec.asm
                    LOOP1   0x000012    program     static C:\Users\USUARIO\OneDrive\Documentos\MPLAB\Primer_parcial\secuencia_7.X\mainsec.asm
                    LOOP2   0x000022    program     static C:\Users\USUARIO\OneDrive\Documentos\MPLAB\Primer_parcial\secuencia_7.X\mainsec.asm
                    REP_1   0x000036    program     static C:\Users\USUARIO\OneDrive\Documentos\MPLAB\Primer_parcial\secuencia_7.X\mainsec.asm
                    REP_2   0x000038    program     static C:\Users\USUARIO\OneDrive\Documentos\MPLAB\Primer_parcial\secuencia_7.X\mainsec.asm
                  RETARDO   0x000034    program     static C:\Users\USUARIO\OneDrive\Documentos\MPLAB\Primer_parcial\secuencia_7.X\mainsec.asm
               SECUENCIA7   0x00000c    program     static C:\Users\USUARIO\OneDrive\Documentos\MPLAB\Primer_parcial\secuencia_7.X\mainsec.asm



                              Symbols - Sorted by Address
                     Name    Address   Location    Storage File                     
                ---------  ---------  ---------  --------- ---------                
                   INICIO   0x000001    program     static C:\Users\USUARIO\OneDrive\Documentos\MPLAB\Primer_parcial\secuencia_7.X\mainsec.asm
               SECUENCIA7   0x00000c    program     static C:\Users\USUARIO\OneDrive\Documentos\MPLAB\Primer_parcial\secuencia_7.X\mainsec.asm
                    LOOP1   0x000012    program     static C:\Users\USUARIO\OneDrive\Documentos\MPLAB\Primer_parcial\secuencia_7.X\mainsec.asm
                    LOOP2   0x000022    program     static C:\Users\USUARIO\OneDrive\Documentos\MPLAB\Primer_parcial\secuencia_7.X\mainsec.asm
                    DELAY   0x00002d    program     static C:\Users\USUARIO\OneDrive\Documentos\MPLAB\Primer_parcial\secuencia_7.X\mainsec.asm
                  RETARDO   0x000034    program     static C:\Users\USUARIO\OneDrive\Documentos\MPLAB\Primer_parcial\secuencia_7.X\mainsec.asm
                    REP_1   0x000036    program     static C:\Users\USUARIO\OneDrive\Documentos\MPLAB\Primer_parcial\secuencia_7.X\mainsec.asm
                    REP_2   0x000038    program     static C:\Users\USUARIO\OneDrive\Documentos\MPLAB\Primer_parcial\secuencia_7.X\mainsec.asm


